\BOOKMARK [1][]{section.1}{\376\377\000E\000x\000e\000c\000u\000t\000i\000v\000e\000\040\000S\000u\000m\000m\000a\000r\000y}{}% 1
\BOOKMARK [1][]{section.2}{\376\377\000T\000a\000b\000l\000e\000\040\000o\000f\000\040\000C\000o\000n\000t\000e\000n\000t\000s}{}% 2
\BOOKMARK [1][]{section.3}{\376\377\000I\000n\000t\000r\000o\000d\000u\000c\000t\000i\000o\000n\000\040\000\050\0001\000\040\000p\000a\000g\000e\000\051}{}% 3
\BOOKMARK [1][]{section.4}{\376\377\000\050\000O\000p\000t\000i\000o\000n\000a\000l\000\051\000\040\000L\000i\000t\000e\000r\000a\000t\000u\000r\000e\000\040\000R\000e\000v\000i\000e\000w\000\040\000\050\0001\000\040\000p\000a\000g\000e\000\051}{}% 4
\BOOKMARK [1][]{section.5}{\376\377\000D\000a\000t\000a\000\040\000P\000r\000e\000p\000a\000r\000a\000t\000i\000o\000n}{}% 5
\BOOKMARK [2][]{subsection.5.1}{\376\377\000A\000g\000r\000i\000c\000u\000l\000t\000u\000r\000a\000l\000\040\000D\000a\000t\000a\000\040\000a\000n\000d\000\040\000D\000a\000i\000l\000y\000\040\000H\000a\000r\000m\000o\000n\000i\000s\000a\000t\000i\000o\000n}{section.5}% 6
\BOOKMARK [2][]{subsection.5.2}{\376\377\000F\000u\000t\000u\000r\000e\000s\000\040\000P\000r\000i\000c\000e\000\040\000D\000a\000t\000a\000\040\000f\000r\000o\000m\000\040\000B\000l\000o\000o\000m\000b\000e\000r\000g}{section.5}% 7
\BOOKMARK [2][]{subsection.5.3}{\376\377\000R\000e\000g\000i\000o\000n\000\040\000f\000i\000l\000t\000e\000r\000i\000n\000g\000\040\000a\000n\000d\000\040\000e\000x\000c\000l\000u\000d\000e\000d\000\040\000a\000r\000e\000a\000s}{section.5}% 8
\BOOKMARK [1][]{section.6}{\376\377\000E\000x\000p\000l\000o\000r\000a\000t\000o\000r\000y\000\040\000D\000a\000t\000a\000\040\000A\000n\000a\000l\000y\000s\000i\000s}{}% 9
\BOOKMARK [2][]{subsection.6.1}{\376\377\000F\000u\000t\000u\000r\000e\000s\000\040\000R\000e\000t\000u\000r\000n\000s\000\040\000D\000i\000s\000t\000r\000i\000b\000u\000t\000i\000o\000n\000\040\000a\000n\000d\000\040\000V\000o\000l\000a\000t\000i\000l\000i\000t\000y}{section.6}% 10
\BOOKMARK [2][]{subsection.6.2}{\376\377\000A\000g\000r\000i\000c\000u\000l\000t\000u\000r\000a\000l\000\040\000F\000e\000a\000t\000u\000r\000e\000\040\000B\000e\000h\000a\000v\000i\000o\000u\000r}{section.6}% 11
\BOOKMARK [2][]{subsection.6.3}{\376\377\000F\000e\000a\000t\000u\000r\000e\000\040\000C\000o\000r\000r\000e\000l\000a\000t\000i\000o\000n\000s}{section.6}% 12
\BOOKMARK [2][]{subsection.6.4}{\376\377\000Y\000i\000e\000l\000d\000\040\000D\000i\000s\000t\000r\000i\000b\000u\000t\000i\000o\000n\000\040\000A\000c\000r\000o\000s\000s\000\040\000C\000o\000u\000n\000t\000r\000i\000e\000s}{section.6}% 13
\BOOKMARK [1][]{section.7}{\376\377\000F\000e\000a\000t\000u\000r\000e\000\040\000E\000n\000g\000i\000n\000e\000e\000r\000i\000n\000g\000\040\000a\000n\000d\000\040\000P\000r\000e\000d\000i\000c\000t\000i\000o\000n\000\040\000D\000e\000s\000i\000g\000n}{}% 14
\BOOKMARK [2][]{subsection.7.1}{\376\377\000E\000n\000g\000i\000n\000e\000e\000r\000e\000d\000\040\000F\000e\000a\000t\000u\000r\000e\000s\000\040\000f\000o\000r\000\040\000t\000h\000e\000\040\000F\000u\000t\000u\000r\000e\000s\000\040\000T\000a\000s\000k}{section.7}% 15
\BOOKMARK [2][]{subsection.7.2}{\376\377\000T\000a\000r\000g\000e\000t\000\040\000C\000o\000n\000s\000t\000r\000u\000c\000t\000i\000o\000n\000\040\000a\000n\000d\000\040\000T\000e\000m\000p\000o\000r\000a\000l\000\040\000A\000l\000i\000g\000n\000m\000e\000n\000t}{section.7}% 16
\BOOKMARK [2][]{subsection.7.3}{\376\377\000C\000r\000o\000p\000\040\000Y\000i\000e\000l\000d\000\040\000F\000o\000r\000e\000c\000a\000s\000t\000i\000n\000g\000\040\000P\000i\000p\000e\000l\000i\000n\000e}{section.7}% 17
\BOOKMARK [1][]{section.8}{\376\377\000D\000a\000t\000a\000\040\000P\000r\000e\000p\000a\000r\000a\000t\000i\000o\000n}{}% 18
\BOOKMARK [2][]{subsection.8.1}{\376\377\000D\000a\000t\000a\000\040\000P\000r\000e\000p\000a\000r\000a\000t\000i\000o\000n\000\040\000f\000o\000r\000\040\000W\000h\000e\000a\000t\000\040\000F\000u\000t\000u\000r\000e\000s\000\040\000R\000e\000t\000u\000r\000n\000\040\000P\000r\000e\000d\000i\000c\000t\000i\000o\000n}{section.8}% 19
\BOOKMARK [3][]{subsubsection.8.1.1}{\376\377\000T\000a\000r\000g\000e\000t\000\040\000v\000a\000r\000i\000a\000b\000l\000e\000:\000\040\0005\000-\000d\000a\000y\000\040\000f\000o\000r\000w\000a\000r\000d\000\040\000r\000e\000t\000u\000r\000n\000s\000.}{subsection.8.1}% 20
\BOOKMARK [3][]{subsubsection.8.1.2}{\376\377\000F\000e\000a\000t\000u\000r\000e\000s\000\040\000-\000\040\000A\000r\000g\000r\000i\000c\000u\000l\000t\000u\000r\000a\000l\000\040\000d\000a\000t\000a\000.}{subsection.8.1}% 21
\BOOKMARK [3][]{subsubsection.8.1.3}{\376\377\000T\000e\000m\000p\000o\000r\000a\000l\000\040\000a\000l\000i\000g\000n\000m\000e\000n\000t\000\040\000b\000e\000t\000w\000e\000e\000n\000\040\000a\000g\000r\000i\000c\000u\000l\000t\000u\000r\000a\000l\000\040\000a\000n\000d\000\040\000p\000r\000i\000c\000e\000\040\000d\000a\000t\000a\000.}{subsection.8.1}% 22
\BOOKMARK [3][]{subsubsection.8.1.4}{\376\377\000P\000r\000o\000d\000u\000c\000t\000i\000o\000n\000\040\000w\000e\000i\000g\000h\000t\000s\000\040\000a\000n\000d\000\040\000l\000o\000o\000k\000-\000a\000h\000e\000a\000d\000\040\000a\000v\000o\000i\000d\000a\000n\000c\000e\000.}{subsection.8.1}% 23
\BOOKMARK [3][]{subsubsection.8.1.5}{\376\377\000F\000e\000a\000t\000u\000r\000e\000\040\000e\000n\000g\000i\000n\000e\000e\000r\000i\000n\000g\000.}{subsection.8.1}% 24
\BOOKMARK [4][]{section*.1}{\376\377\000R\000o\000l\000l\000i\000n\000g\000\040\000a\000g\000g\000r\000e\000g\000a\000t\000e\000s\000.}{subsubsection.8.1.5}% 25
\BOOKMARK [4][]{section*.2}{\376\377\000T\000h\000r\000e\000s\000h\000o\000l\000d\000-\000b\000a\000s\000e\000d\000\040\000s\000t\000r\000e\000s\000s\000\040\000i\000n\000d\000i\000c\000a\000t\000o\000r\000s\000.}{subsubsection.8.1.5}% 26
\BOOKMARK [4][]{section*.3}{\376\377\000V\000e\000g\000e\000t\000a\000t\000i\000o\000n\000\040\000a\000n\000o\000m\000a\000l\000i\000e\000s\000.}{subsubsection.8.1.5}% 27
\BOOKMARK [4][]{section*.4}{\376\377\000D\000r\000o\000u\000g\000h\000t\000\040\000i\000n\000d\000e\000x\000.}{subsubsection.8.1.5}% 28
\BOOKMARK [4][]{section*.5}{\376\377\000W\000e\000e\000k\000e\000n\000d\000\040\000w\000e\000a\000t\000h\000e\000r\000\040\000a\000c\000c\000u\000m\000u\000l\000a\000t\000o\000r\000.}{subsubsection.8.1.5}% 29
\BOOKMARK [3][]{subsubsection.8.1.6}{\376\377\000C\000o\000r\000r\000e\000l\000a\000t\000i\000o\000n\000-\000b\000a\000s\000e\000d\000\040\000f\000e\000a\000t\000u\000r\000e\000\040\000f\000i\000l\000t\000e\000r\000i\000n\000g\000.}{subsection.8.1}% 30
\BOOKMARK [3][]{subsubsection.8.1.7}{\376\377\000M\000i\000n\000i\000m\000a\000l\000\040\000p\000r\000i\000c\000e\000\040\000f\000e\000a\000t\000u\000r\000e\000s\000.}{subsection.8.1}% 31
\BOOKMARK [2][]{subsection.8.2}{\376\377\000D\000a\000t\000a\000\040\000P\000r\000e\000p\000a\000r\000a\000t\000i\000o\000n\000\040\000f\000o\000r\000\040\000C\000r\000o\000p\000\040\000Y\000i\000e\000l\000d\000\040\000F\000o\000r\000e\000c\000a\000s\000t\000i\000n\000g}{section.8}% 32
\BOOKMARK [3][]{subsubsection.8.2.1}{\376\377\000T\000e\000m\000p\000o\000r\000a\000l\000\040\000s\000c\000o\000p\000e\000\040\000a\000n\000d\000\040\000r\000e\000g\000i\000o\000n\000\040\000f\000i\000l\000t\000e\000r\000i\000n\000g\000.}{subsection.8.2}% 33
\BOOKMARK [3][]{subsubsection.8.2.2}{\376\377\000M\000o\000n\000t\000h\000l\000y\000\040\000f\000e\000a\000t\000u\000r\000e\000\040\000a\000g\000g\000r\000e\000g\000a\000t\000i\000o\000n\000\040\000w\000i\000t\000h\000\040\000l\000e\000a\000d\000-\000t\000i\000m\000e\000\040\000t\000r\000u\000n\000c\000a\000t\000i\000o\000n\000.}{subsection.8.2}% 34
\BOOKMARK [1][]{section.9}{\376\377\000P\000r\000e\000d\000i\000c\000t\000i\000o\000n\000\040\000T\000a\000s\000k\000s}{}% 35
\BOOKMARK [2][]{subsection.9.1}{\376\377\000P\000r\000i\000m\000a\000r\000y\000\040\000T\000a\000s\000k\000:\000\040\000W\000h\000e\000a\000t\000\040\000F\000u\000t\000u\000r\000e\000s\000\040\000R\000e\000t\000u\000r\000n\000\040\000P\000r\000e\000d\000i\000c\000t\000i\000o\000n}{section.9}% 36
\BOOKMARK [3][]{subsubsection.9.1.1}{\376\377\000T\000a\000r\000g\000e\000t\000\040\000v\000a\000r\000i\000a\000b\000l\000e\000:\000\040\0005\000-\000d\000a\000y\000\040\000f\000o\000r\000w\000a\000r\000d\000\040\000r\000e\000t\000u\000r\000n\000s\000.}{subsection.9.1}% 37
\BOOKMARK [3][]{subsubsection.9.1.2}{\376\377\000P\000e\000r\000-\000r\000e\000g\000i\000o\000n\000\040\000m\000o\000d\000e\000l\000s\000\040\000w\000i\000t\000h\000\040\000p\000r\000o\000d\000u\000c\000t\000i\000o\000n\000-\000w\000e\000i\000g\000h\000t\000e\000d\000\040\000a\000g\000g\000r\000e\000g\000a\000t\000i\000o\000n\000.}{subsection.9.1}% 38
\BOOKMARK [3][]{subsubsection.9.1.3}{\376\377\000W\000a\000l\000k\000-\000f\000o\000r\000w\000a\000r\000d\000\040\000e\000v\000a\000l\000u\000a\000t\000i\000o\000n\000\040\000w\000i\000t\000h\000\040\000t\000e\000m\000p\000o\000r\000a\000l\000\040\000p\000a\000r\000t\000i\000t\000i\000o\000n\000i\000n\000g\000.}{subsection.9.1}% 39
\BOOKMARK [3][]{subsubsection.9.1.4}{\376\377\000H\000y\000p\000e\000r\000p\000a\000r\000a\000m\000e\000t\000e\000r\000\040\000t\000u\000n\000i\000n\000g\000.}{subsection.9.1}% 40
\BOOKMARK [3][]{subsubsection.9.1.5}{\376\377\000M\000o\000d\000e\000l\000s\000\040\000e\000v\000a\000l\000u\000a\000t\000e\000d\000.}{subsection.9.1}% 41
\BOOKMARK [2][]{subsection.9.2}{\376\377\000S\000e\000c\000o\000n\000d\000a\000r\000y\000\040\000T\000a\000s\000k\000:\000\040\000C\000r\000o\000p\000\040\000Y\000i\000e\000l\000d\000\040\000F\000o\000r\000e\000c\000a\000s\000t\000i\000n\000g}{section.9}% 42
\BOOKMARK [3][]{subsubsection.9.2.1}{\376\377\000M\000o\000t\000i\000v\000a\000t\000i\000o\000n\000\040\000f\000o\000r\000\040\000a\000\040\000d\000u\000a\000l\000-\000t\000a\000s\000k\000\040\000d\000e\000s\000i\000g\000n\000.}{subsection.9.2}% 43
\BOOKMARK [3][]{subsubsection.9.2.2}{\376\377\000T\000a\000r\000g\000e\000t\000\040\000a\000n\000d\000\040\000l\000e\000a\000d\000\040\000t\000i\000m\000e\000s\000.}{subsection.9.2}% 44
\BOOKMARK [3][]{subsubsection.9.2.3}{\376\377\000W\000a\000l\000k\000-\000f\000o\000r\000w\000a\000r\000d\000\040\000e\000v\000a\000l\000u\000a\000t\000i\000o\000n\000.}{subsection.9.2}% 45
\BOOKMARK [3][]{subsubsection.9.2.4}{\376\377\000P\000e\000r\000-\000c\000o\000u\000n\000t\000r\000y\000\040\000t\000u\000n\000i\000n\000g\000.}{subsection.9.2}% 46
\BOOKMARK [3][]{subsubsection.9.2.5}{\376\377\000M\000e\000t\000r\000i\000c\000s\000.}{subsection.9.2}% 47
\BOOKMARK [1][]{section.10}{\376\377\000M\000e\000t\000h\000o\000d\000\040\0001\000\040\000\050\0002\000\040\000p\000a\000g\000e\000s\000\051}{}% 48
\BOOKMARK [1][]{section.11}{\376\377\000M\000e\000t\000h\000o\000d\000\040\0002\000\040\000\050\0002\000\040\000p\000a\000g\000e\000s\000\051}{}% 49
\BOOKMARK [1][]{section.12}{\376\377\000M\000e\000t\000h\000o\000d\000\040\0003\000\040\000\050\0002\000\040\000p\000a\000g\000e\000s\000\051}{}% 50
\BOOKMARK [1][]{section.13}{\376\377\000M\000o\000d\000e\000l\000\040\000R\000e\000s\000u\000l\000t\000\040\000C\000o\000m\000p\000a\000r\000i\000s\000o\000n\000\040\000\050\0001\000\040\000p\000a\000g\000e\000\051}{}% 51
\BOOKMARK [1][]{section.14}{\376\377\000C\000o\000n\000c\000l\000u\000s\000i\000o\000n\000\040\000\050\0001\000\040\000p\000a\000g\000e\000\051}{}% 52
\BOOKMARK [1][]{section.15}{\376\377\000G\000e\000n\000e\000r\000a\000t\000i\000v\000e\000\040\000A\000I\000\040\000S\000t\000a\000t\000e\000m\000e\000n\000t}{}% 53
\BOOKMARK [1][]{appendix.a.A}{\376\377\000E\000x\000c\000l\000u\000d\000e\000d\000\040\000R\000e\000g\000i\000o\000n\000s\000\040\000f\000o\000r\000\040\000t\000h\000e\000\040\000W\000h\000e\000a\000t\000\040\000F\000u\000t\000u\000r\000e\000s\000\040\000P\000r\000e\000d\000i\000c\000t\000i\000o\000n\000\040\000T\000a\000s\000k}{}% 54
\BOOKMARK [1][]{appendix.a.B}{\376\377\000S\000u\000p\000p\000l\000e\000m\000e\000n\000t\000a\000r\000y\000\040\000E\000D\000A\000\040\000F\000i\000g\000u\000r\000e\000s}{}% 55
\BOOKMARK [1][]{appendix.a.C}{\376\377\000T\000a\000r\000g\000e\000t\000\040\000C\000o\000n\000s\000t\000r\000u\000c\000t\000i\000o\000n}{}% 56
